#windows cmd 命令操作mysql；

+-------------------------+
| Tables_in_statistical   |
+-------------------------+
| test_table              |
+-------------------------+

C:\Windows\system32>d:

D:\>cd rong

D:\rong>cd mysql

D:\rong\mysql>cd bin

#数据库连接 mysql -h 127.0.0.1 -uroot -p123  ;;;注册服务：mysqld -install MySQL --defaults-file="D:\rong\mysql\my-default.ini"
D:\rong\mysql\bin>mysql -h 10.100.36.179 -uatis -patis710



#查看数据库 
mysql> show databases;

#查看mysql端口号 netstat -aon|findstr "3306"
mysql> show global variables like 'port'; 

#创建数据库
mysql>create database statistical;

#使用数据库
mysql> use statistical;

#导入sql脚本
mysql> source d:\rong\1_area.sql

#查询表与分页
mysql> select * from  表名    where 1=1  limit 20,20;

#查看列属性
mysql> show full columns from 表名; 

#修改列属性数据类型；alter table 表名 modify 列名  新的数据类型
mysql> alter table 表名   modify create_date datetime;

#修改表注释
mysql> ALTER TABLE tab  COMMENT='机构组织';

#添加列
mysql> alter table 表名   add column 列名    varchar(100);

#修改列注释
mysql> alter table bus_branch modify column code varchar(100)  comment '机构编码';

#修改列名
mysql> alter table  表名   change  列名    新列名  varchar(100);

#查看表列
mysql> show full columns  from 表名 ;

#查看max_allowed_packet
mysql> show VARIABLES like '%max_allowed_packet%';

#删除表
DROP TABLE  表名 ;


#删除数据库
DROP DATABASE IF EXISTS 名称

#mysqldump -uroot -proot statistical> e:\statistical.sql 

#导出文件
mysql -h127.0.0.1 -uroot -p123 -e "select * from user_tab " atisptDB> C:/Users/Administrator/Desktop/test.xls

#导出txt文件,每行以  “>” 开头， 以@分割字段内容
mysql>select * from tab where 1=1  into outfile "/var/lib/mysql-files/data_out20180409.txt"   FIELDS  TERMINATED BY '\@'  LINES   STARTING BY '\>' TERMINATED BY '\r\n';


#msql数据库的安装，解压压缩包，cmd进入bin目录，配置ini文件的mysql和mysql中的data目录
mysqld install

#重启mysql，先停止后启动
net stop mysql
net start mysql

#如果无法启动删除mysql安装主目录下的data目录下所有文件
#mysqld --initialize 
mysqld --initialize-insecure 

##以root用户登录，命令：mysql -uroot -pNF#6ajaffAdB 回车 输入密码；
mysql> UPDATE mysql.user SET authentication_string=PASSWORD('123') WHERE user='root';
#ERROR 1820 (HY000): You must reset your password using ALTER USER statement before executing this statement.
mysql> alter user 'root'@'localhost' identified by 'root';
#UPDATE mysql.user SET authentication_string=PASSWORD('123') WHERE user='root';  修改密码
mysql>UPDATE mysql.user SET authentication_string=PASSWORD('123') WHERE user='root'; 
mysql>FLUSH PRIVILEGES;


#允许远程访问的用户，1、选择mysql数据库：
use mysql;
#允许远程访问的用户，2、允许远程访问的用户或者允许现有用户的远程访问。给root授予在任意主机（%）访问任意数据库的所有权限。重启mysql，先停止后启动
update user set host='%' where user='root' and host='localhost';

